// Jest Snapshot v1, https://goo.gl/fbAQLP

exports[`SkipLink should render the skip link component 1`] = `
.emotion-1 {
  -webkit-align-items: center;
  -webkit-box-align: center;
  -ms-flex-align: center;
  align-items: center;
  background: var(--colors-primary);
  border: 0;
  border-color: var(--colors-primary);
  border-radius: var(--borderRadius);
  color: var(--colors-neutral08);
  cursor: pointer;
  display: -webkit-inline-box;
  display: -webkit-inline-flex;
  display: -ms-inline-flexbox;
  display: inline-flex;
  -webkit-flex-shrink: 0;
  -ms-flex-negative: 0;
  flex-shrink: 0;
  font-family: var(--bodyFont);
  font-size: var(--typeScale-size03-fontSize);
  font-weight: 600;
  height: var(--spaceScale-spacing09);
  -webkit-box-pack: center;
  -ms-flex-pack: center;
  -webkit-justify-content: center;
  justify-content: center;
  line-height: var(--typeScale-size03-lineHeight);
  margin: var(--spaceScale-spacing02);
  min-width: var(--spaceScale-spacing13);
  overflow: hidden;
  padding: var(--spaceScale.-spacing04) var(--spaceScale.-spacing05);
  position: relative;
  text-align: center;
  -webkit-text-decoration: none;
  text-decoration: none;
  text-transform: uppercase;
  touch-action: manipulation;
  -webkit-transition: background 0.35s,border-color 0.35s,box-shadow 0.35s,color 0.35s;
  transition: background 0.35s,border-color 0.35s,box-shadow 0.35s,color 0.35s;
  vertical-align: middle;
  white-space: nowrap;
  width: auto;
  left: -9999px;
  position: fixed;
  top: -9999px;
}

.emotion-1:not(:disabled):focus {
  outline: 2px dotted var(--colors-focus);
  outline-offset: 3px;
}

.emotion-1:not(:disabled):hover,
.emotion-1:not(:disabled):focus {
  background: #a8cf2d;
  color: var(--colors-neutral08);
}

.emotion-1:not(:disabled):after {
  background: var(--colors-neutral08);
  border-radius: 50%;
  content: '';
  height: var(--spaceScale-spacing07);
  left: 50%;
  opacity: 0;
  padding: 50%;
  position: absolute;
  top: 50%;
  -webkit-transform: translate(-50%, -50%) scale(1);
  -moz-transform: translate(-50%, -50%) scale(1);
  -ms-transform: translate(-50%, -50%) scale(1);
  transform: translate(-50%, -50%) scale(1);
  -webkit-transition: opacity 1s,-webkit-transform 0.5s;
  transition: opacity 1s,transform 0.5s;
  width: var(--spaceScale-spacing07);
}

.emotion-1:not(:disabled):active {
  background: #86a524;
  color: var(--colors-neutral08);
}

.emotion-1:not(:disabled):active:after {
  opacity: 0.4;
  -webkit-transform: translate(-50%, -50%) scale(0);
  -moz-transform: translate(-50%, -50%) scale(0);
  -ms-transform: translate(-50%, -50%) scale(0);
  transform: translate(-50%, -50%) scale(0);
  -webkit-transition: -webkit-transform 0s;
  transition: transform 0s;
}

.emotion-1 svg {
  -webkit-flex-shrink: 0;
  -ms-flex-negative: 0;
  flex-shrink: 0;
}

.emotion-1:focus {
  left: 10px;
  top: 10px;
  z-index: 99999;
}

.emotion-1 {
  -webkit-align-items: center;
  -webkit-box-align: center;
  -ms-flex-align: center;
  align-items: center;
  background: var(--colors-primary);
  border: 0;
  border-color: var(--colors-primary);
  border-radius: var(--borderRadius);
  color: var(--colors-neutral08);
  cursor: pointer;
  display: -webkit-inline-box;
  display: -webkit-inline-flex;
  display: -ms-inline-flexbox;
  display: inline-flex;
  -webkit-flex-shrink: 0;
  -ms-flex-negative: 0;
  flex-shrink: 0;
  font-family: var(--bodyFont);
  font-size: var(--typeScale-size03-fontSize);
  font-weight: 600;
  height: var(--spaceScale-spacing09);
  -webkit-box-pack: center;
  -ms-flex-pack: center;
  -webkit-justify-content: center;
  justify-content: center;
  line-height: var(--typeScale-size03-lineHeight);
  margin: var(--spaceScale-spacing02);
  min-width: var(--spaceScale-spacing13);
  overflow: hidden;
  padding: var(--spaceScale.-spacing04) var(--spaceScale.-spacing05);
  position: relative;
  text-align: center;
  -webkit-text-decoration: none;
  text-decoration: none;
  text-transform: uppercase;
  touch-action: manipulation;
  -webkit-transition: background 0.35s,border-color 0.35s,box-shadow 0.35s,color 0.35s;
  transition: background 0.35s,border-color 0.35s,box-shadow 0.35s,color 0.35s;
  vertical-align: middle;
  white-space: nowrap;
  width: auto;
  left: -9999px;
  position: fixed;
  top: -9999px;
}

.emotion-1:not(:disabled):focus {
  outline: 2px dotted var(--colors-focus);
  outline-offset: 3px;
}

.emotion-1:not(:disabled):hover,
.emotion-1:not(:disabled):focus {
  background: #a8cf2d;
  color: var(--colors-neutral08);
}

.emotion-1:not(:disabled):after {
  background: var(--colors-neutral08);
  border-radius: 50%;
  content: '';
  height: var(--spaceScale-spacing07);
  left: 50%;
  opacity: 0;
  padding: 50%;
  position: absolute;
  top: 50%;
  -webkit-transform: translate(-50%, -50%) scale(1);
  -moz-transform: translate(-50%, -50%) scale(1);
  -ms-transform: translate(-50%, -50%) scale(1);
  transform: translate(-50%, -50%) scale(1);
  -webkit-transition: opacity 1s,-webkit-transform 0.5s;
  transition: opacity 1s,transform 0.5s;
  width: var(--spaceScale-spacing07);
}

.emotion-1:not(:disabled):active {
  background: #86a524;
  color: var(--colors-neutral08);
}

.emotion-1:not(:disabled):active:after {
  opacity: 0.4;
  -webkit-transform: translate(-50%, -50%) scale(0);
  -moz-transform: translate(-50%, -50%) scale(0);
  -ms-transform: translate(-50%, -50%) scale(0);
  transform: translate(-50%, -50%) scale(0);
  -webkit-transition: -webkit-transform 0s;
  transition: transform 0s;
}

.emotion-1 svg {
  -webkit-flex-shrink: 0;
  -ms-flex-negative: 0;
  flex-shrink: 0;
}

.emotion-1:focus {
  left: 10px;
  top: 10px;
  z-index: 99999;
}

<a
  class="emotion-0 emotion-1 emotion-2"
  color="primary"
  href="#reactMagmaMainContent"
>
  Skip Navigation
</a>
`;
