// Jest Snapshot v1, https://goo.gl/fbAQLP

exports[`Tooltip should render the tooltip component, positioned top by default 1`] = `
.emotion-0 {
  background: var(--tooltip-backgroundColor);
  border-radius: var(--borderRadius);
  color: var(--tooltip-textColor);
  font-size: var(--tooltip-typeScale-fontSize);
  line-height: var(--tooltip-typeScale-lineHeight);
  font-weight: var(--tooltip-fontWeight);
  max-width: var(--tooltip-maxWidth);
  min-height: 2.5em;
  padding: var(--spaceScale-spacing03) var(--spaceScale-spacing04);
  z-index: var(--tooltip-zIndex);
}

.emotion-0[data-popper-placement='top']>span:last-child {
  bottom: calc(var(--tooltip-arrowSize) * -1);
}

.emotion-0[data-popper-placement='bottom']>span:last-child {
  top: calc(var(--tooltip-arrowSize) * -1);
}

.emotion-0[data-popper-placement='left']>span:last-child {
  right: calc(var(--tooltip-arrowSize) * -1);
}

.emotion-0[data-popper-placement='right']>span:last-child {
  left: calc(var(--tooltip-arrowSize) * -1);
}

.emotion-2.emotion-2,
.emotion-2.emotion-2:before {
  display: block;
  height: var(--tooltip-arrowSizeDoubled);
  position: absolute;
  width: var(--tooltip-arrowSizeDoubled);
  z-index: -1;
}

.emotion-2.emotion-2::before {
  content: '';
  -webkit-transform: rotate(45deg);
  -moz-transform: rotate(45deg);
  -ms-transform: rotate(45deg);
  transform: rotate(45deg);
  background: var(--tooltip-backgroundColor);
}

.emotion-0 {
  background: var(--tooltip-backgroundColor);
  border-radius: var(--borderRadius);
  color: var(--tooltip-textColor);
  font-size: var(--tooltip-typeScale-fontSize);
  line-height: var(--tooltip-typeScale-lineHeight);
  font-weight: var(--tooltip-fontWeight);
  max-width: var(--tooltip-maxWidth);
  min-height: 2.5em;
  padding: var(--spaceScale-spacing03) var(--spaceScale-spacing04);
  z-index: var(--tooltip-zIndex);
}

.emotion-0[data-popper-placement='top']>span:last-child {
  bottom: calc(var(--tooltip-arrowSize) * -1);
}

.emotion-0[data-popper-placement='bottom']>span:last-child {
  top: calc(var(--tooltip-arrowSize) * -1);
}

.emotion-0[data-popper-placement='left']>span:last-child {
  right: calc(var(--tooltip-arrowSize) * -1);
}

.emotion-0[data-popper-placement='right']>span:last-child {
  left: calc(var(--tooltip-arrowSize) * -1);
}

.emotion-2.emotion-2,
.emotion-2.emotion-2:before {
  display: block;
  height: var(--tooltip-arrowSizeDoubled);
  position: absolute;
  width: var(--tooltip-arrowSizeDoubled);
  z-index: -1;
}

.emotion-2.emotion-2::before {
  content: '';
  -webkit-transform: rotate(45deg);
  -moz-transform: rotate(45deg);
  -ms-transform: rotate(45deg);
  transform: rotate(45deg);
  background: var(--tooltip-backgroundColor);
}

<div
  class="emotion-0 emotion-1"
  data-popper-escaped="true"
  data-popper-placement="top"
  data-popper-reference-hidden="true"
  id="tooltipID"
  role="tooltip"
  style="position: absolute; left: 0px; top: 0px; bottom: 0px; transform: translate(0px, -12px);"
>
  Test Content
  <span
    class="emotion-2 emotion-3"
    style="position: absolute; left: 0px; transform: translate(0px, 0px);"
  />
</div>
`;
