// Jest Snapshot v1, https://goo.gl/fbAQLP

exports[`Button Base Button Snapshot should render with large size 1`] = `
.emotion-0 {
  -webkit-align-items: center;
  -webkit-box-align: center;
  -ms-flex-align: center;
  align-items: center;
  background: #006298;
  border: 0;
  border-color: #006298;
  border-radius: 4px;
  color: #FFFFFF;
  cursor: pointer;
  display: -webkit-inline-box;
  display: -webkit-inline-flex;
  display: -ms-inline-flexbox;
  display: inline-flex;
  -webkit-flex-shrink: 0;
  -ms-flex-negative: 0;
  flex-shrink: 0;
  font-family: "Open Sans",Helvetica,sans-serif;
  font-size: 18px;
  font-weight: 600;
  height: 56px;
  -webkit-box-pack: center;
  -ms-flex-pack: center;
  -webkit-justify-content: center;
  justify-content: center;
  line-height: 24px;
  margin: 4px;
  min-width: 96px;
  overflow: hidden;
  padding: 12px 24px;
  position: relative;
  text-align: center;
  -webkit-text-decoration: none;
  text-decoration: none;
  text-transform: uppercase;
  touch-action: manipulation;
  -webkit-transition: background 0.35s,border-color 0.35s,box-shadow 0.35s,color 0.35s;
  transition: background 0.35s,border-color 0.35s,box-shadow 0.35s,color 0.35s;
  vertical-align: middle;
  white-space: nowrap;
  width: auto;
}

.emotion-0:not(:disabled):focus {
  outline: 2px dotted #027EE1;
  outline-offset: 3px;
}

.emotion-0:not(:disabled):hover,
.emotion-0:not(:disabled):focus {
  background: #004165;
  color: #FFFFFF;
}

.emotion-0:not(:disabled):after {
  background: #FFFFFF;
  border-radius: 50%;
  content: '';
  height: 28px;
  left: 50%;
  opacity: 0;
  padding: 50%;
  position: absolute;
  top: 50%;
  -webkit-transform: translate(-50%, -50%) scale(1);
  -moz-transform: translate(-50%, -50%) scale(1);
  -ms-transform: translate(-50%, -50%) scale(1);
  transform: translate(-50%, -50%) scale(1);
  -webkit-transition: opacity 1s,-webkit-transform 0.5s;
  transition: opacity 1s,transform 0.5s;
  width: 28px;
}

.emotion-0:not(:disabled):active {
  background: #002032;
  color: #FFFFFF;
}

.emotion-0:not(:disabled):active:after {
  opacity: 0.4;
  -webkit-transform: translate(-50%, -50%) scale(0);
  -moz-transform: translate(-50%, -50%) scale(0);
  -ms-transform: translate(-50%, -50%) scale(0);
  transform: translate(-50%, -50%) scale(0);
  -webkit-transition: -webkit-transform 0s;
  transition: transform 0s;
}

.emotion-0 svg {
  -webkit-flex-shrink: 0;
  -ms-flex-negative: 0;
  flex-shrink: 0;
}

.emotion-2 {
  visibility: visible;
  display: -webkit-inline-box;
  display: -webkit-inline-flex;
  display: -ms-inline-flexbox;
  display: inline-flex;
  -webkit-align-items: center;
  -webkit-box-align: center;
  -ms-flex-align: center;
  align-items: center;
}

.emotion-0 {
  -webkit-align-items: center;
  -webkit-box-align: center;
  -ms-flex-align: center;
  align-items: center;
  background: #006298;
  border: 0;
  border-color: #006298;
  border-radius: 4px;
  color: #FFFFFF;
  cursor: pointer;
  display: -webkit-inline-box;
  display: -webkit-inline-flex;
  display: -ms-inline-flexbox;
  display: inline-flex;
  -webkit-flex-shrink: 0;
  -ms-flex-negative: 0;
  flex-shrink: 0;
  font-family: "Open Sans",Helvetica,sans-serif;
  font-size: 18px;
  font-weight: 600;
  height: 56px;
  -webkit-box-pack: center;
  -ms-flex-pack: center;
  -webkit-justify-content: center;
  justify-content: center;
  line-height: 24px;
  margin: 4px;
  min-width: 96px;
  overflow: hidden;
  padding: 12px 24px;
  position: relative;
  text-align: center;
  -webkit-text-decoration: none;
  text-decoration: none;
  text-transform: uppercase;
  touch-action: manipulation;
  -webkit-transition: background 0.35s,border-color 0.35s,box-shadow 0.35s,color 0.35s;
  transition: background 0.35s,border-color 0.35s,box-shadow 0.35s,color 0.35s;
  vertical-align: middle;
  white-space: nowrap;
  width: auto;
}

.emotion-0:not(:disabled):focus {
  outline: 2px dotted #027EE1;
  outline-offset: 3px;
}

.emotion-0:not(:disabled):hover,
.emotion-0:not(:disabled):focus {
  background: #004165;
  color: #FFFFFF;
}

.emotion-0:not(:disabled):after {
  background: #FFFFFF;
  border-radius: 50%;
  content: '';
  height: 28px;
  left: 50%;
  opacity: 0;
  padding: 50%;
  position: absolute;
  top: 50%;
  -webkit-transform: translate(-50%, -50%) scale(1);
  -moz-transform: translate(-50%, -50%) scale(1);
  -ms-transform: translate(-50%, -50%) scale(1);
  transform: translate(-50%, -50%) scale(1);
  -webkit-transition: opacity 1s,-webkit-transform 0.5s;
  transition: opacity 1s,transform 0.5s;
  width: 28px;
}

.emotion-0:not(:disabled):active {
  background: #002032;
  color: #FFFFFF;
}

.emotion-0:not(:disabled):active:after {
  opacity: 0.4;
  -webkit-transform: translate(-50%, -50%) scale(0);
  -moz-transform: translate(-50%, -50%) scale(0);
  -ms-transform: translate(-50%, -50%) scale(0);
  transform: translate(-50%, -50%) scale(0);
  -webkit-transition: -webkit-transform 0s;
  transition: transform 0s;
}

.emotion-0 svg {
  -webkit-flex-shrink: 0;
  -ms-flex-negative: 0;
  flex-shrink: 0;
}

.emotion-2 {
  visibility: visible;
  display: -webkit-inline-box;
  display: -webkit-inline-flex;
  display: -ms-inline-flexbox;
  display: inline-flex;
  -webkit-align-items: center;
  -webkit-box-align: center;
  -ms-flex-align: center;
  align-items: center;
}

<div>
  <button
    class="emotion-0 emotion-1"
    id="testId"
    type="button"
  >
    <span
      class="emotion-2 emotion-3"
    >
      Test Text
    </span>
  </button>
</div>
`;

exports[`Button Base Button Snapshot should render with small size 1`] = `
.emotion-0 {
  -webkit-align-items: center;
  -webkit-box-align: center;
  -ms-flex-align: center;
  align-items: center;
  background: #006298;
  border: 0;
  border-color: #006298;
  border-radius: 4px;
  color: #FFFFFF;
  cursor: pointer;
  display: -webkit-inline-box;
  display: -webkit-inline-flex;
  display: -ms-inline-flexbox;
  display: inline-flex;
  -webkit-flex-shrink: 0;
  -ms-flex-negative: 0;
  flex-shrink: 0;
  font-family: "Open Sans",Helvetica,sans-serif;
  font-size: 12px;
  font-weight: 600;
  height: 28px;
  -webkit-box-pack: center;
  -ms-flex-pack: center;
  -webkit-justify-content: center;
  justify-content: center;
  line-height: 16px;
  margin: 4px;
  min-width: 0;
  overflow: hidden;
  padding: 4px 8px;
  position: relative;
  text-align: center;
  -webkit-text-decoration: none;
  text-decoration: none;
  text-transform: uppercase;
  touch-action: manipulation;
  -webkit-transition: background 0.35s,border-color 0.35s,box-shadow 0.35s,color 0.35s;
  transition: background 0.35s,border-color 0.35s,box-shadow 0.35s,color 0.35s;
  vertical-align: middle;
  white-space: nowrap;
  width: auto;
}

.emotion-0:not(:disabled):focus {
  outline: 2px dotted #027EE1;
  outline-offset: 3px;
}

.emotion-0:not(:disabled):hover,
.emotion-0:not(:disabled):focus {
  background: #004165;
  color: #FFFFFF;
}

.emotion-0:not(:disabled):after {
  background: #FFFFFF;
  border-radius: 50%;
  content: '';
  height: 28px;
  left: 50%;
  opacity: 0;
  padding: 50%;
  position: absolute;
  top: 50%;
  -webkit-transform: translate(-50%, -50%) scale(1);
  -moz-transform: translate(-50%, -50%) scale(1);
  -ms-transform: translate(-50%, -50%) scale(1);
  transform: translate(-50%, -50%) scale(1);
  -webkit-transition: opacity 1s,-webkit-transform 0.5s;
  transition: opacity 1s,transform 0.5s;
  width: 28px;
}

.emotion-0:not(:disabled):active {
  background: #002032;
  color: #FFFFFF;
}

.emotion-0:not(:disabled):active:after {
  opacity: 0.4;
  -webkit-transform: translate(-50%, -50%) scale(0);
  -moz-transform: translate(-50%, -50%) scale(0);
  -ms-transform: translate(-50%, -50%) scale(0);
  transform: translate(-50%, -50%) scale(0);
  -webkit-transition: -webkit-transform 0s;
  transition: transform 0s;
}

.emotion-0 svg {
  -webkit-flex-shrink: 0;
  -ms-flex-negative: 0;
  flex-shrink: 0;
}

.emotion-2 {
  visibility: visible;
  display: -webkit-inline-box;
  display: -webkit-inline-flex;
  display: -ms-inline-flexbox;
  display: inline-flex;
  -webkit-align-items: center;
  -webkit-box-align: center;
  -ms-flex-align: center;
  align-items: center;
}

.emotion-0 {
  -webkit-align-items: center;
  -webkit-box-align: center;
  -ms-flex-align: center;
  align-items: center;
  background: #006298;
  border: 0;
  border-color: #006298;
  border-radius: 4px;
  color: #FFFFFF;
  cursor: pointer;
  display: -webkit-inline-box;
  display: -webkit-inline-flex;
  display: -ms-inline-flexbox;
  display: inline-flex;
  -webkit-flex-shrink: 0;
  -ms-flex-negative: 0;
  flex-shrink: 0;
  font-family: "Open Sans",Helvetica,sans-serif;
  font-size: 12px;
  font-weight: 600;
  height: 28px;
  -webkit-box-pack: center;
  -ms-flex-pack: center;
  -webkit-justify-content: center;
  justify-content: center;
  line-height: 16px;
  margin: 4px;
  min-width: 0;
  overflow: hidden;
  padding: 4px 8px;
  position: relative;
  text-align: center;
  -webkit-text-decoration: none;
  text-decoration: none;
  text-transform: uppercase;
  touch-action: manipulation;
  -webkit-transition: background 0.35s,border-color 0.35s,box-shadow 0.35s,color 0.35s;
  transition: background 0.35s,border-color 0.35s,box-shadow 0.35s,color 0.35s;
  vertical-align: middle;
  white-space: nowrap;
  width: auto;
}

.emotion-0:not(:disabled):focus {
  outline: 2px dotted #027EE1;
  outline-offset: 3px;
}

.emotion-0:not(:disabled):hover,
.emotion-0:not(:disabled):focus {
  background: #004165;
  color: #FFFFFF;
}

.emotion-0:not(:disabled):after {
  background: #FFFFFF;
  border-radius: 50%;
  content: '';
  height: 28px;
  left: 50%;
  opacity: 0;
  padding: 50%;
  position: absolute;
  top: 50%;
  -webkit-transform: translate(-50%, -50%) scale(1);
  -moz-transform: translate(-50%, -50%) scale(1);
  -ms-transform: translate(-50%, -50%) scale(1);
  transform: translate(-50%, -50%) scale(1);
  -webkit-transition: opacity 1s,-webkit-transform 0.5s;
  transition: opacity 1s,transform 0.5s;
  width: 28px;
}

.emotion-0:not(:disabled):active {
  background: #002032;
  color: #FFFFFF;
}

.emotion-0:not(:disabled):active:after {
  opacity: 0.4;
  -webkit-transform: translate(-50%, -50%) scale(0);
  -moz-transform: translate(-50%, -50%) scale(0);
  -ms-transform: translate(-50%, -50%) scale(0);
  transform: translate(-50%, -50%) scale(0);
  -webkit-transition: -webkit-transform 0s;
  transition: transform 0s;
}

.emotion-0 svg {
  -webkit-flex-shrink: 0;
  -ms-flex-negative: 0;
  flex-shrink: 0;
}

.emotion-2 {
  visibility: visible;
  display: -webkit-inline-box;
  display: -webkit-inline-flex;
  display: -ms-inline-flexbox;
  display: inline-flex;
  -webkit-align-items: center;
  -webkit-box-align: center;
  -ms-flex-align: center;
  align-items: center;
}

<div>
  <button
    class="emotion-0 emotion-1"
    id="testId"
    type="button"
  >
    <span
      class="emotion-2 emotion-3"
    >
      Test Text
    </span>
  </button>
</div>
`;

exports[`Button Base Button Snapshot should render with updated color 1`] = `
.emotion-0 {
  -webkit-align-items: center;
  -webkit-box-align: center;
  -ms-flex-align: center;
  align-items: center;
  background: #FFFFFF;
  border: 2px solid;
  border-color: #BFBFBF;
  border-radius: 4px;
  color: #3F3F3F;
  cursor: pointer;
  display: -webkit-inline-box;
  display: -webkit-inline-flex;
  display: -ms-inline-flexbox;
  display: inline-flex;
  -webkit-flex-shrink: 0;
  -ms-flex-negative: 0;
  flex-shrink: 0;
  font-family: "Open Sans",Helvetica,sans-serif;
  font-size: 16px;
  font-weight: 600;
  height: 40px;
  -webkit-box-pack: center;
  -ms-flex-pack: center;
  -webkit-justify-content: center;
  justify-content: center;
  line-height: 24px;
  margin: 4px;
  min-width: 96px;
  overflow: hidden;
  padding: 12px 16px;
  position: relative;
  text-align: center;
  -webkit-text-decoration: none;
  text-decoration: none;
  text-transform: uppercase;
  touch-action: manipulation;
  -webkit-transition: background 0.35s,border-color 0.35s,box-shadow 0.35s,color 0.35s;
  transition: background 0.35s,border-color 0.35s,box-shadow 0.35s,color 0.35s;
  vertical-align: middle;
  white-space: nowrap;
  width: auto;
}

.emotion-0:not(:disabled):focus {
  outline: 2px dotted #027EE1;
  outline-offset: 3px;
}

.emotion-0:not(:disabled):hover,
.emotion-0:not(:disabled):focus {
  background: #e6e6e6;
  color: #3F3F3F;
}

.emotion-0:not(:disabled):after {
  background: #3F3F3F;
  border-radius: 50%;
  content: '';
  height: 28px;
  left: 50%;
  opacity: 0;
  padding: 50%;
  position: absolute;
  top: 50%;
  -webkit-transform: translate(-50%, -50%) scale(1);
  -moz-transform: translate(-50%, -50%) scale(1);
  -ms-transform: translate(-50%, -50%) scale(1);
  transform: translate(-50%, -50%) scale(1);
  -webkit-transition: opacity 1s,-webkit-transform 0.5s;
  transition: opacity 1s,transform 0.5s;
  width: 28px;
}

.emotion-0:not(:disabled):active {
  background: #ccc;
  color: #3F3F3F;
}

.emotion-0:not(:disabled):active:after {
  opacity: 0.4;
  -webkit-transform: translate(-50%, -50%) scale(0);
  -moz-transform: translate(-50%, -50%) scale(0);
  -ms-transform: translate(-50%, -50%) scale(0);
  transform: translate(-50%, -50%) scale(0);
  -webkit-transition: -webkit-transform 0s;
  transition: transform 0s;
}

.emotion-0 svg {
  -webkit-flex-shrink: 0;
  -ms-flex-negative: 0;
  flex-shrink: 0;
}

.emotion-2 {
  visibility: visible;
  display: -webkit-inline-box;
  display: -webkit-inline-flex;
  display: -ms-inline-flexbox;
  display: inline-flex;
  -webkit-align-items: center;
  -webkit-box-align: center;
  -ms-flex-align: center;
  align-items: center;
}

.emotion-0 {
  -webkit-align-items: center;
  -webkit-box-align: center;
  -ms-flex-align: center;
  align-items: center;
  background: #FFFFFF;
  border: 2px solid;
  border-color: #BFBFBF;
  border-radius: 4px;
  color: #3F3F3F;
  cursor: pointer;
  display: -webkit-inline-box;
  display: -webkit-inline-flex;
  display: -ms-inline-flexbox;
  display: inline-flex;
  -webkit-flex-shrink: 0;
  -ms-flex-negative: 0;
  flex-shrink: 0;
  font-family: "Open Sans",Helvetica,sans-serif;
  font-size: 16px;
  font-weight: 600;
  height: 40px;
  -webkit-box-pack: center;
  -ms-flex-pack: center;
  -webkit-justify-content: center;
  justify-content: center;
  line-height: 24px;
  margin: 4px;
  min-width: 96px;
  overflow: hidden;
  padding: 12px 16px;
  position: relative;
  text-align: center;
  -webkit-text-decoration: none;
  text-decoration: none;
  text-transform: uppercase;
  touch-action: manipulation;
  -webkit-transition: background 0.35s,border-color 0.35s,box-shadow 0.35s,color 0.35s;
  transition: background 0.35s,border-color 0.35s,box-shadow 0.35s,color 0.35s;
  vertical-align: middle;
  white-space: nowrap;
  width: auto;
}

.emotion-0:not(:disabled):focus {
  outline: 2px dotted #027EE1;
  outline-offset: 3px;
}

.emotion-0:not(:disabled):hover,
.emotion-0:not(:disabled):focus {
  background: #e6e6e6;
  color: #3F3F3F;
}

.emotion-0:not(:disabled):after {
  background: #3F3F3F;
  border-radius: 50%;
  content: '';
  height: 28px;
  left: 50%;
  opacity: 0;
  padding: 50%;
  position: absolute;
  top: 50%;
  -webkit-transform: translate(-50%, -50%) scale(1);
  -moz-transform: translate(-50%, -50%) scale(1);
  -ms-transform: translate(-50%, -50%) scale(1);
  transform: translate(-50%, -50%) scale(1);
  -webkit-transition: opacity 1s,-webkit-transform 0.5s;
  transition: opacity 1s,transform 0.5s;
  width: 28px;
}

.emotion-0:not(:disabled):active {
  background: #ccc;
  color: #3F3F3F;
}

.emotion-0:not(:disabled):active:after {
  opacity: 0.4;
  -webkit-transform: translate(-50%, -50%) scale(0);
  -moz-transform: translate(-50%, -50%) scale(0);
  -ms-transform: translate(-50%, -50%) scale(0);
  transform: translate(-50%, -50%) scale(0);
  -webkit-transition: -webkit-transform 0s;
  transition: transform 0s;
}

.emotion-0 svg {
  -webkit-flex-shrink: 0;
  -ms-flex-negative: 0;
  flex-shrink: 0;
}

.emotion-2 {
  visibility: visible;
  display: -webkit-inline-box;
  display: -webkit-inline-flex;
  display: -ms-inline-flexbox;
  display: inline-flex;
  -webkit-align-items: center;
  -webkit-box-align: center;
  -ms-flex-align: center;
  align-items: center;
}

<div>
  <button
    class="emotion-0 emotion-1"
    color="secondary"
    id="testId"
    type="button"
  >
    <span
      class="emotion-2 emotion-3"
    >
      Test Text
    </span>
  </button>
</div>
`;

exports[`Button Base Button Snapshot should render with updated shape 1`] = `
.emotion-0 {
  -webkit-align-items: center;
  -webkit-box-align: center;
  -ms-flex-align: center;
  align-items: center;
  background: #006298;
  border: 0;
  border-color: #006298;
  border-radius: 100%;
  color: #FFFFFF;
  cursor: pointer;
  display: -webkit-inline-box;
  display: -webkit-inline-flex;
  display: -ms-inline-flexbox;
  display: inline-flex;
  -webkit-flex-shrink: 0;
  -ms-flex-negative: 0;
  flex-shrink: 0;
  font-family: "Open Sans",Helvetica,sans-serif;
  font-size: 16px;
  font-weight: 600;
  height: 40px;
  -webkit-box-pack: center;
  -ms-flex-pack: center;
  -webkit-justify-content: center;
  justify-content: center;
  line-height: 24px;
  margin: 4px;
  min-width: 96px;
  overflow: hidden;
  padding: 12px 16px;
  position: relative;
  text-align: center;
  -webkit-text-decoration: none;
  text-decoration: none;
  text-transform: uppercase;
  touch-action: manipulation;
  -webkit-transition: background 0.35s,border-color 0.35s,box-shadow 0.35s,color 0.35s;
  transition: background 0.35s,border-color 0.35s,box-shadow 0.35s,color 0.35s;
  vertical-align: middle;
  white-space: nowrap;
  width: auto;
}

.emotion-0:not(:disabled):focus {
  outline: 2px dotted #027EE1;
  outline-offset: 3px;
}

.emotion-0:not(:disabled):hover,
.emotion-0:not(:disabled):focus {
  background: #004165;
  color: #FFFFFF;
}

.emotion-0:not(:disabled):after {
  background: #FFFFFF;
  border-radius: 50%;
  content: '';
  height: 28px;
  left: 50%;
  opacity: 0;
  padding: 50%;
  position: absolute;
  top: 50%;
  -webkit-transform: translate(-50%, -50%) scale(1);
  -moz-transform: translate(-50%, -50%) scale(1);
  -ms-transform: translate(-50%, -50%) scale(1);
  transform: translate(-50%, -50%) scale(1);
  -webkit-transition: opacity 1s,-webkit-transform 0.5s;
  transition: opacity 1s,transform 0.5s;
  width: 28px;
}

.emotion-0:not(:disabled):active {
  background: #002032;
  color: #FFFFFF;
}

.emotion-0:not(:disabled):active:after {
  opacity: 0.4;
  -webkit-transform: translate(-50%, -50%) scale(0);
  -moz-transform: translate(-50%, -50%) scale(0);
  -ms-transform: translate(-50%, -50%) scale(0);
  transform: translate(-50%, -50%) scale(0);
  -webkit-transition: -webkit-transform 0s;
  transition: transform 0s;
}

.emotion-0 svg {
  -webkit-flex-shrink: 0;
  -ms-flex-negative: 0;
  flex-shrink: 0;
}

.emotion-2 {
  visibility: visible;
  display: -webkit-inline-box;
  display: -webkit-inline-flex;
  display: -ms-inline-flexbox;
  display: inline-flex;
  -webkit-align-items: center;
  -webkit-box-align: center;
  -ms-flex-align: center;
  align-items: center;
}

.emotion-0 {
  -webkit-align-items: center;
  -webkit-box-align: center;
  -ms-flex-align: center;
  align-items: center;
  background: #006298;
  border: 0;
  border-color: #006298;
  border-radius: 100%;
  color: #FFFFFF;
  cursor: pointer;
  display: -webkit-inline-box;
  display: -webkit-inline-flex;
  display: -ms-inline-flexbox;
  display: inline-flex;
  -webkit-flex-shrink: 0;
  -ms-flex-negative: 0;
  flex-shrink: 0;
  font-family: "Open Sans",Helvetica,sans-serif;
  font-size: 16px;
  font-weight: 600;
  height: 40px;
  -webkit-box-pack: center;
  -ms-flex-pack: center;
  -webkit-justify-content: center;
  justify-content: center;
  line-height: 24px;
  margin: 4px;
  min-width: 96px;
  overflow: hidden;
  padding: 12px 16px;
  position: relative;
  text-align: center;
  -webkit-text-decoration: none;
  text-decoration: none;
  text-transform: uppercase;
  touch-action: manipulation;
  -webkit-transition: background 0.35s,border-color 0.35s,box-shadow 0.35s,color 0.35s;
  transition: background 0.35s,border-color 0.35s,box-shadow 0.35s,color 0.35s;
  vertical-align: middle;
  white-space: nowrap;
  width: auto;
}

.emotion-0:not(:disabled):focus {
  outline: 2px dotted #027EE1;
  outline-offset: 3px;
}

.emotion-0:not(:disabled):hover,
.emotion-0:not(:disabled):focus {
  background: #004165;
  color: #FFFFFF;
}

.emotion-0:not(:disabled):after {
  background: #FFFFFF;
  border-radius: 50%;
  content: '';
  height: 28px;
  left: 50%;
  opacity: 0;
  padding: 50%;
  position: absolute;
  top: 50%;
  -webkit-transform: translate(-50%, -50%) scale(1);
  -moz-transform: translate(-50%, -50%) scale(1);
  -ms-transform: translate(-50%, -50%) scale(1);
  transform: translate(-50%, -50%) scale(1);
  -webkit-transition: opacity 1s,-webkit-transform 0.5s;
  transition: opacity 1s,transform 0.5s;
  width: 28px;
}

.emotion-0:not(:disabled):active {
  background: #002032;
  color: #FFFFFF;
}

.emotion-0:not(:disabled):active:after {
  opacity: 0.4;
  -webkit-transform: translate(-50%, -50%) scale(0);
  -moz-transform: translate(-50%, -50%) scale(0);
  -ms-transform: translate(-50%, -50%) scale(0);
  transform: translate(-50%, -50%) scale(0);
  -webkit-transition: -webkit-transform 0s;
  transition: transform 0s;
}

.emotion-0 svg {
  -webkit-flex-shrink: 0;
  -ms-flex-negative: 0;
  flex-shrink: 0;
}

.emotion-2 {
  visibility: visible;
  display: -webkit-inline-box;
  display: -webkit-inline-flex;
  display: -ms-inline-flexbox;
  display: inline-flex;
  -webkit-align-items: center;
  -webkit-box-align: center;
  -ms-flex-align: center;
  align-items: center;
}

<div>
  <button
    class="emotion-0 emotion-1"
    id="testId"
    shape="round"
    type="button"
  >
    <span
      class="emotion-2 emotion-3"
    >
      Test Text
    </span>
  </button>
</div>
`;

exports[`Button Base Button Snapshot should render with updated textTransform 1`] = `
.emotion-0 {
  -webkit-align-items: center;
  -webkit-box-align: center;
  -ms-flex-align: center;
  align-items: center;
  background: #006298;
  border: 0;
  border-color: #006298;
  border-radius: 4px;
  color: #FFFFFF;
  cursor: pointer;
  display: -webkit-inline-box;
  display: -webkit-inline-flex;
  display: -ms-inline-flexbox;
  display: inline-flex;
  -webkit-flex-shrink: 0;
  -ms-flex-negative: 0;
  flex-shrink: 0;
  font-family: "Open Sans",Helvetica,sans-serif;
  font-size: 16px;
  font-weight: 600;
  height: 40px;
  -webkit-box-pack: center;
  -ms-flex-pack: center;
  -webkit-justify-content: center;
  justify-content: center;
  line-height: 24px;
  margin: 4px;
  min-width: 96px;
  overflow: hidden;
  padding: 12px 16px;
  position: relative;
  text-align: center;
  -webkit-text-decoration: none;
  text-decoration: none;
  text-transform: none;
  touch-action: manipulation;
  -webkit-transition: background 0.35s,border-color 0.35s,box-shadow 0.35s,color 0.35s;
  transition: background 0.35s,border-color 0.35s,box-shadow 0.35s,color 0.35s;
  vertical-align: middle;
  white-space: nowrap;
  width: auto;
}

.emotion-0:not(:disabled):focus {
  outline: 2px dotted #027EE1;
  outline-offset: 3px;
}

.emotion-0:not(:disabled):hover,
.emotion-0:not(:disabled):focus {
  background: #004165;
  color: #FFFFFF;
}

.emotion-0:not(:disabled):after {
  background: #FFFFFF;
  border-radius: 50%;
  content: '';
  height: 28px;
  left: 50%;
  opacity: 0;
  padding: 50%;
  position: absolute;
  top: 50%;
  -webkit-transform: translate(-50%, -50%) scale(1);
  -moz-transform: translate(-50%, -50%) scale(1);
  -ms-transform: translate(-50%, -50%) scale(1);
  transform: translate(-50%, -50%) scale(1);
  -webkit-transition: opacity 1s,-webkit-transform 0.5s;
  transition: opacity 1s,transform 0.5s;
  width: 28px;
}

.emotion-0:not(:disabled):active {
  background: #002032;
  color: #FFFFFF;
}

.emotion-0:not(:disabled):active:after {
  opacity: 0.4;
  -webkit-transform: translate(-50%, -50%) scale(0);
  -moz-transform: translate(-50%, -50%) scale(0);
  -ms-transform: translate(-50%, -50%) scale(0);
  transform: translate(-50%, -50%) scale(0);
  -webkit-transition: -webkit-transform 0s;
  transition: transform 0s;
}

.emotion-0 svg {
  -webkit-flex-shrink: 0;
  -ms-flex-negative: 0;
  flex-shrink: 0;
}

.emotion-2 {
  visibility: visible;
  display: -webkit-inline-box;
  display: -webkit-inline-flex;
  display: -ms-inline-flexbox;
  display: inline-flex;
  -webkit-align-items: center;
  -webkit-box-align: center;
  -ms-flex-align: center;
  align-items: center;
}

.emotion-0 {
  -webkit-align-items: center;
  -webkit-box-align: center;
  -ms-flex-align: center;
  align-items: center;
  background: #006298;
  border: 0;
  border-color: #006298;
  border-radius: 4px;
  color: #FFFFFF;
  cursor: pointer;
  display: -webkit-inline-box;
  display: -webkit-inline-flex;
  display: -ms-inline-flexbox;
  display: inline-flex;
  -webkit-flex-shrink: 0;
  -ms-flex-negative: 0;
  flex-shrink: 0;
  font-family: "Open Sans",Helvetica,sans-serif;
  font-size: 16px;
  font-weight: 600;
  height: 40px;
  -webkit-box-pack: center;
  -ms-flex-pack: center;
  -webkit-justify-content: center;
  justify-content: center;
  line-height: 24px;
  margin: 4px;
  min-width: 96px;
  overflow: hidden;
  padding: 12px 16px;
  position: relative;
  text-align: center;
  -webkit-text-decoration: none;
  text-decoration: none;
  text-transform: none;
  touch-action: manipulation;
  -webkit-transition: background 0.35s,border-color 0.35s,box-shadow 0.35s,color 0.35s;
  transition: background 0.35s,border-color 0.35s,box-shadow 0.35s,color 0.35s;
  vertical-align: middle;
  white-space: nowrap;
  width: auto;
}

.emotion-0:not(:disabled):focus {
  outline: 2px dotted #027EE1;
  outline-offset: 3px;
}

.emotion-0:not(:disabled):hover,
.emotion-0:not(:disabled):focus {
  background: #004165;
  color: #FFFFFF;
}

.emotion-0:not(:disabled):after {
  background: #FFFFFF;
  border-radius: 50%;
  content: '';
  height: 28px;
  left: 50%;
  opacity: 0;
  padding: 50%;
  position: absolute;
  top: 50%;
  -webkit-transform: translate(-50%, -50%) scale(1);
  -moz-transform: translate(-50%, -50%) scale(1);
  -ms-transform: translate(-50%, -50%) scale(1);
  transform: translate(-50%, -50%) scale(1);
  -webkit-transition: opacity 1s,-webkit-transform 0.5s;
  transition: opacity 1s,transform 0.5s;
  width: 28px;
}

.emotion-0:not(:disabled):active {
  background: #002032;
  color: #FFFFFF;
}

.emotion-0:not(:disabled):active:after {
  opacity: 0.4;
  -webkit-transform: translate(-50%, -50%) scale(0);
  -moz-transform: translate(-50%, -50%) scale(0);
  -ms-transform: translate(-50%, -50%) scale(0);
  transform: translate(-50%, -50%) scale(0);
  -webkit-transition: -webkit-transform 0s;
  transition: transform 0s;
}

.emotion-0 svg {
  -webkit-flex-shrink: 0;
  -ms-flex-negative: 0;
  flex-shrink: 0;
}

.emotion-2 {
  visibility: visible;
  display: -webkit-inline-box;
  display: -webkit-inline-flex;
  display: -ms-inline-flexbox;
  display: inline-flex;
  -webkit-align-items: center;
  -webkit-box-align: center;
  -ms-flex-align: center;
  align-items: center;
}

<div>
  <button
    class="emotion-0 emotion-1"
    id="testId"
    type="button"
  >
    <span
      class="emotion-2 emotion-3"
    >
      Test Text
    </span>
  </button>
</div>
`;

exports[`Button Base Button Snapshot should render with updated variant 1`] = `
.emotion-0 {
  -webkit-align-items: center;
  -webkit-box-align: center;
  -ms-flex-align: center;
  align-items: center;
  background: rgba(0,0,0,0);
  border: 2px solid;
  border-radius: 4px;
  color: #006298;
  cursor: pointer;
  display: -webkit-inline-box;
  display: -webkit-inline-flex;
  display: -ms-inline-flexbox;
  display: inline-flex;
  -webkit-flex-shrink: 0;
  -ms-flex-negative: 0;
  flex-shrink: 0;
  font-family: "Open Sans",Helvetica,sans-serif;
  font-size: 16px;
  font-weight: 600;
  height: 40px;
  -webkit-box-pack: center;
  -ms-flex-pack: center;
  -webkit-justify-content: center;
  justify-content: center;
  line-height: 24px;
  margin: 4px;
  min-width: 96px;
  overflow: hidden;
  padding: 12px 16px;
  position: relative;
  text-align: center;
  -webkit-text-decoration: none;
  text-decoration: none;
  text-transform: uppercase;
  touch-action: manipulation;
  -webkit-transition: background 0.35s,border-color 0.35s,box-shadow 0.35s,color 0.35s;
  transition: background 0.35s,border-color 0.35s,box-shadow 0.35s,color 0.35s;
  vertical-align: middle;
  white-space: nowrap;
  width: auto;
}

.emotion-0:not(:disabled):focus {
  outline: 2px dotted #027EE1;
  outline-offset: 3px;
}

.emotion-0:not(:disabled):hover,
.emotion-0:not(:disabled):focus {
  background: #e5eff4;
  color: #004165;
}

.emotion-0:not(:disabled):after {
  background: #006298;
  border-radius: 50%;
  content: '';
  height: 28px;
  left: 50%;
  opacity: 0;
  padding: 50%;
  position: absolute;
  top: 50%;
  -webkit-transform: translate(-50%, -50%) scale(1);
  -moz-transform: translate(-50%, -50%) scale(1);
  -ms-transform: translate(-50%, -50%) scale(1);
  transform: translate(-50%, -50%) scale(1);
  -webkit-transition: opacity 1s,-webkit-transform 0.5s;
  transition: opacity 1s,transform 0.5s;
  width: 28px;
}

.emotion-0:not(:disabled):active {
  background: #b2cfe0;
  color: #002032;
}

.emotion-0:not(:disabled):active:after {
  opacity: 0.4;
  -webkit-transform: translate(-50%, -50%) scale(0);
  -moz-transform: translate(-50%, -50%) scale(0);
  -ms-transform: translate(-50%, -50%) scale(0);
  transform: translate(-50%, -50%) scale(0);
  -webkit-transition: -webkit-transform 0s;
  transition: transform 0s;
}

.emotion-0 svg {
  -webkit-flex-shrink: 0;
  -ms-flex-negative: 0;
  flex-shrink: 0;
}

.emotion-2 {
  visibility: visible;
  display: -webkit-inline-box;
  display: -webkit-inline-flex;
  display: -ms-inline-flexbox;
  display: inline-flex;
  -webkit-align-items: center;
  -webkit-box-align: center;
  -ms-flex-align: center;
  align-items: center;
}

.emotion-0 {
  -webkit-align-items: center;
  -webkit-box-align: center;
  -ms-flex-align: center;
  align-items: center;
  background: rgba(0,0,0,0);
  border: 2px solid;
  border-radius: 4px;
  color: #006298;
  cursor: pointer;
  display: -webkit-inline-box;
  display: -webkit-inline-flex;
  display: -ms-inline-flexbox;
  display: inline-flex;
  -webkit-flex-shrink: 0;
  -ms-flex-negative: 0;
  flex-shrink: 0;
  font-family: "Open Sans",Helvetica,sans-serif;
  font-size: 16px;
  font-weight: 600;
  height: 40px;
  -webkit-box-pack: center;
  -ms-flex-pack: center;
  -webkit-justify-content: center;
  justify-content: center;
  line-height: 24px;
  margin: 4px;
  min-width: 96px;
  overflow: hidden;
  padding: 12px 16px;
  position: relative;
  text-align: center;
  -webkit-text-decoration: none;
  text-decoration: none;
  text-transform: uppercase;
  touch-action: manipulation;
  -webkit-transition: background 0.35s,border-color 0.35s,box-shadow 0.35s,color 0.35s;
  transition: background 0.35s,border-color 0.35s,box-shadow 0.35s,color 0.35s;
  vertical-align: middle;
  white-space: nowrap;
  width: auto;
}

.emotion-0:not(:disabled):focus {
  outline: 2px dotted #027EE1;
  outline-offset: 3px;
}

.emotion-0:not(:disabled):hover,
.emotion-0:not(:disabled):focus {
  background: #e5eff4;
  color: #004165;
}

.emotion-0:not(:disabled):after {
  background: #006298;
  border-radius: 50%;
  content: '';
  height: 28px;
  left: 50%;
  opacity: 0;
  padding: 50%;
  position: absolute;
  top: 50%;
  -webkit-transform: translate(-50%, -50%) scale(1);
  -moz-transform: translate(-50%, -50%) scale(1);
  -ms-transform: translate(-50%, -50%) scale(1);
  transform: translate(-50%, -50%) scale(1);
  -webkit-transition: opacity 1s,-webkit-transform 0.5s;
  transition: opacity 1s,transform 0.5s;
  width: 28px;
}

.emotion-0:not(:disabled):active {
  background: #b2cfe0;
  color: #002032;
}

.emotion-0:not(:disabled):active:after {
  opacity: 0.4;
  -webkit-transform: translate(-50%, -50%) scale(0);
  -moz-transform: translate(-50%, -50%) scale(0);
  -ms-transform: translate(-50%, -50%) scale(0);
  transform: translate(-50%, -50%) scale(0);
  -webkit-transition: -webkit-transform 0s;
  transition: transform 0s;
}

.emotion-0 svg {
  -webkit-flex-shrink: 0;
  -ms-flex-negative: 0;
  flex-shrink: 0;
}

.emotion-2 {
  visibility: visible;
  display: -webkit-inline-box;
  display: -webkit-inline-flex;
  display: -ms-inline-flexbox;
  display: inline-flex;
  -webkit-align-items: center;
  -webkit-box-align: center;
  -ms-flex-align: center;
  align-items: center;
}

<div>
  <button
    class="emotion-0 emotion-1"
    id="testId"
    type="button"
  >
    <span
      class="emotion-2 emotion-3"
    >
      Test Text
    </span>
  </button>
</div>
`;
